C:\Users\user\Documents\MCUXpressoIDE_25.6.136\workspace\Final_Project\CMSIS/core_cm0plus.h:757:22:__NVIC_EnableIRQ	16	static
C:\Users\user\Documents\MCUXpressoIDE_25.6.136\workspace\Final_Project\CMSIS/core_cm0plus.h:795:22:__NVIC_DisableIRQ	16	static
C:\Users\user\Documents\MCUXpressoIDE_25.6.136\workspace\Final_Project\CMSIS/core_cm0plus.h:848:22:__NVIC_ClearPendingIRQ	16	static
C:\Users\user\Documents\MCUXpressoIDE_25.6.136\workspace\Final_Project\CMSIS/core_cm0plus.h:866:22:__NVIC_SetPriority	24	static
../source/Final_Project.c:87:6:initUART2	24	static
../source/Final_Project.c:123:6:initGPIO	8	static
../source/Final_Project.c:178:6:initShockInterrupt	8	static
../source/Final_Project.c:188:6:initFlameInterrupt	8	static
../source/Final_Project.c:199:6:ledOn	16	static
../source/Final_Project.c:214:6:ledOff	16	static
../source/Final_Project.c:229:6:setLedFromTemperature	16	static
../source/Final_Project.c:245:6:sendMessage	16	static
../source/Final_Project.c:259:6:UART2_FLEXIO_IRQHandler	272	static
../source/Final_Project.c:299:6:PORTC_PORTD_IRQHandler	16	static
../source/Final_Project.c:319:13:delay_us	24	static
../source/Final_Project.c:328:14:measureDistanceCm	16	static
../source/Final_Project.c:362:13:uartRecvTask	312	static
../source/Final_Project.c:387:13:ledTask	32	static
../source/Final_Project.c:400:13:shockTask	16	static
../source/Final_Project.c:412:13:waterLevelTask	104	static
../source/Final_Project.c:440:13:fireTask	16	static
../source/Final_Project.c:450:5:main	16	static
